// Jest Snapshot v1, https://goo.gl/fbAQLP

exports[`Button SHOULD match snapshot 1`] = `
<button>
  button
</button>
`;
